../Core/Src/main.c:83:5:main	8	static
../Core/Src/main.c:170:6:SystemClock_Config	88	static
../Core/Src/main.c:218:13:MX_TIM2_Init	32	static
../Core/Src/main.c:263:13:MX_USART2_UART_Init	8	static
../Core/Src/main.c:294:13:MX_DMA_Init	16	static
../Core/Src/main.c:312:13:MX_GPIO_Init	48	static
../Core/Src/main.c:346:6:configureTimerForRunTimeStats	4	static
../Core/Src/main.c:351:15:getRunTimeCounterValue	4	static
../Core/Src/main.c:365:6:StartDefaultTask	16	static
../Core/Src/main.c:384:6:HAL_TIM_PeriodElapsedCallback	16	static
../Core/Src/main.c:405:6:Error_Handler	4	static,ignoring_inline_asm
