../Core/Src/main.c:82:5:main	8	static
../Core/Src/main.c:169:6:SystemClock_Config	88	static
../Core/Src/main.c:217:13:MX_TIM2_Init	32	static
../Core/Src/main.c:262:13:MX_USART2_UART_Init	8	static
../Core/Src/main.c:293:13:MX_DMA_Init	16	static
../Core/Src/main.c:311:13:MX_GPIO_Init	48	static
../Core/Src/main.c:345:6:configureTimerForRunTimeStats	4	static
../Core/Src/main.c:350:15:getRunTimeCounterValue	4	static
../Core/Src/main.c:364:6:StartDefaultTask	16	static
../Core/Src/main.c:383:6:HAL_TIM_PeriodElapsedCallback	16	static
../Core/Src/main.c:404:6:Error_Handler	4	static,ignoring_inline_asm
